// Jest Snapshot v1, https://goo.gl/fbAQLP

exports[`OrganizationModel should should have jsonSchema that matches snapshot 1`] = `
Object {
  "properties": Object {
    "addresss1": Object {
      "type": "string",
    },
    "addresss2": Object {
      "type": Array [
        "string",
        "null",
      ],
    },
    "city": Object {
      "type": "string",
    },
    "email": Object {
      "type": "string",
    },
    "name": Object {
      "type": "string",
    },
    "phoneNumber": Object {
      "type": "string",
    },
    "stateId": Object {
      "type": "string",
    },
    "website": Object {
      "type": "string",
    },
    "zip": Object {
      "type": "string",
    },
  },
  "required": Array [
    "address1",
    "city",
    "email",
    "name",
    "phoneNumber",
    "stateId",
    "website",
    "zip",
  ],
  "type": "object",
}
`;

exports[`OrganizationModel should should have relationMappings that matches snapshot 1`] = `
Object {
  "state": Object {
    "join": Object {
      "from": "Assistants.stateId",
      "to": "States.id",
    },
    "modelClass": [Function],
    "relation": [Function],
  },
}
`;
