// Jest Snapshot v1, https://goo.gl/fbAQLP

exports[`SessionModel should should have jsonSchema that matches snapshot 1`] = `
Object {
  "properties": Object {
    "device": Object {
      "type": "string",
    },
    "expires": Object {
      "type": "date",
    },
    "userId": Object {
      "type": "string",
    },
  },
  "required": Array [
    "device",
    "userId",
    "expires",
  ],
  "type": "object",
}
`;

exports[`SessionModel should should have relationMappings that matches snapshot 1`] = `
Object {
  "user": Object {
    "join": Object {
      "from": "Sessions.userId",
      "to": "Users.id",
    },
    "modelClass": [Function],
    "relation": [Function],
  },
}
`;
