// Jest Snapshot v1, https://goo.gl/fbAQLP

exports[`StateModel should should have jsonSchema that matches snapshot 1`] = `
Object {
  "properties": Object {
    "abbreviation": Object {
      "type": "string",
    },
    "code": Object {
      "type": "string",
    },
    "name": Object {
      "type": "string",
    },
  },
  "required": Array [
    "name",
    "code",
    "abbreviation",
  ],
  "type": "object",
}
`;

exports[`StateModel should should have relationMappings that matches snapshot 1`] = `null`;
