// Jest Snapshot v1, https://goo.gl/fbAQLP

exports[`StudentModel should should have jsonSchema that matches snapshot 1`] = `
Object {
  "properties": Object {
    "classId": Object {
      "type": "string",
    },
    "studentId": Object {
      "type": Array [
        "string",
      ],
    },
  },
  "required": Array [
    "studentId",
    "classId",
  ],
  "type": "object",
}
`;

exports[`StudentModel should should have relationMappings that matches snapshot 1`] = `
Object {
  "class": Object {
    "join": Object {
      "from": "Students.classId",
      "to": "Classes.id",
    },
    "modelClass": [Function],
    "relation": [Function],
  },
  "student": Object {
    "join": Object {
      "from": "Students.studentId",
      "to": "Users.id",
    },
    "modelClass": [Function],
    "relation": [Function],
  },
}
`;
