// Jest Snapshot v1, https://goo.gl/fbAQLP

exports[`error should match snapshot 1`] = `
<div
  className="w-full flex items-center justify-center"
>
  <div
    className="w-full max-w-screen-xl pt-24 p-4 mx-2 xl:mx-0"
  >
    <div
      className="w-full flex justify-center"
    >
      <h1>
        Uh oh, You went somewhere that doesn't exist!
      </h1>
    </div>
  </div>
</div>
`;
